# serializer version: 1
# name: test_get_group
  HabiticaGroupsResponse(data=GroupData(name="test's Party", summary="test's Party", description='', leader=GroupLeader(id=UUID('c5dece22-3b0c-4e30-a6e7-34c2524224db'), auth=AuthUser(local=LocalAuth(email=None, username='test', lowerCaseUsername=None, has_password=None), timestamps=LocalTimestamps(created=None, loggedin=None, updated=None), facebook=None, google=None, apple=None), profile=ProfileUser(blurb=None, imageUrl=None, name='test')), type=<GroupType.PARTY: 'party'>, privacy=<GroupPrivacy.PRIVATE: 'private'>, chat=[ChatMsg(id=UUID('bb436446-6e91-49ea-9607-11f955105224'), flagCount=0, text='hallo', unformattedText='hallo', info=ChatMsgInfo(type=None, user=None, quest=None, items=None), timestamp=datetime.datetime(2025, 4, 17, 12, 19, 16, 769000, tzinfo=datetime.timezone.utc), likes={}, client='web', uuid=UUID('c18e1853-bded-47a9-82e2-adfdad08894d'), groupId=UUID('d27c2e74-a65a-42cc-9ac4-46966242cb1f'), user='test', username='test', userStyles=Avatar(items=ItemsAvatar(gear=GearItemsAvatar(equipped=EquippedGear(weapon=None, armor='armor_base_0', head='head_base_0', shield='shield_special_piDay', back=None, headAccessory='headAccessory_base_0', eyewear=None, body=None), costume=EquippedGear(weapon=None, armor=None, head=None, shield=None, back=None, headAccessory=None, eyewear=None, body=None)), currentMount='', currentPet=''), preferences=PreferencesAvatar(hair=HairPreferences(color='red', base=3, bangs=0, beard=0, mustache=0, flower=1), size='slim', skin='915533', shirt='pink', chair='none', costume=False, sleep=None, background='violet'), stats=StatsAvatar(buffs=BuffsStatsavatar(seafoam=False, shinySeed=False, snowball=False, spookySparkles=False), Class=<HabiticaClass.ROGUE: 'rogue'>)), sent=None, ownerId=None, uniqueMessageId=None)], leaderOnly=LeaderOnly(challenges=False, getGems=False), memberCount=2, ChallengeCount=0, chatLimitCount=None, balance=0.0, logo=None, leaderMessage=None, quest=QuestParty(progress=ProgressQuest(up=None, down=None, collect={}, collectedItems=None), RSVPNeeded=None, key='atom1', completed=None, active=False, leader=UUID('c18e1853-bded-47a9-82e2-adfdad08894d'), members={UUID('c18e1853-bded-47a9-82e2-adfdad08894d'): True, UUID('c5dece22-3b0c-4e30-a6e7-34c2524224db'): False})), success=True, notifications=[], userV=797, appVersion='5.35.3')
# ---
