# serializer version: 1
# name: test_generate_avatar
  UserStyles(items=ItemsUserStyles(gear=GearItemsUserStyles(equipped=EquippedGear(weapon='weapon_special_fall2024Warrior', armor='armor_special_fall2024Warrior', head='head_special_fall2024Warrior', shield='shield_special_fall2024Warrior', back='back_mystery_201402', headAccessory='headAccessory_special_pinkHeadband', eyewear='eyewear_special_pinkHalfMoon', body='body_mystery_202003'), costume=EquippedGear(weapon=None, armor='armor_base_0', head='head_base_0', shield='shield_base_0', back=None, headAccessory=None, eyewear=None, body=None)), currentMount='Velociraptor-Base', currentPet='Rat-Shade'), preferences=PreferencesUserStyles(hair=HairPreferences(color='red', base=3, bangs=1, beard=0, mustache=0, flower=1), size='slim', skin='915533', shirt='blue', chair='none', costume=False, sleep=False, background='violet'), stats=StatsUserStyles(buffs=BuffsUserStyles(per=0, con=0, stealth=0, seafoam=False, shinySeed=False, snowball=False, spookySparkles=False), Class=<HabiticaClass.WARRIOR: 'warrior'>))
# ---
